[WebServer]                                         className="flex flex-col gap-3.5"
[WebServer] -                                       novalidate="true"
[WebServer]                                       >
[WebServer]                               ...
[WebServer]                   ...
[WebServer]  
[WebServer]     at <unknown> (file://C:/Users/Viet Tien/UniPilot-AI/.next/dev/static/chunks/node_modules_next_dist_compiled_react-dom_096_9a-._.js:3439:25)
[WebServer]     at runWithFiberInDEV (file://C:/Users/Viet Tien/UniPilot-AI/.next/dev/static/chunks/node_modules_next_dist_compiled_react-dom_096_9a-._.js:965:74)
[WebServer]     at emitPendingHydrationWarnings (file://C:/Users/Viet Tien/UniPilot-AI/.next/dev/static/chunks/node_modules_next_dist_compiled_react-dom_096_9a-._.js:3438:13)
[WebServer]     at completeWork (file://C:/Users/Viet Tien/UniPilot-AI/.next/dev/static/chunks/node_modules_next_dist_compiled_react-dom_096_9a-._.js:6885:102)
[WebServer]     at runWithFiberInDEV (file://C:/Users/Viet Tien/UniPilot-AI/.next/dev/static/chunks/node_modules_next_dist_compiled_react-dom_096_9a-._.js:965:131)
[WebServer]     at completeUnitOfWork (file://C:/Users/Viet Tien/UniPilot-AI/.next/dev/static/chunks/node_modules_next_dist_compiled_react-dom_096_9a-._.js:9622:23)
[WebServer]     at performUnitOfWork (file://C:/Users/Viet Tien/UniPilot-AI/.next/dev/static/chunks/node_modules_next_dist_compiled_react-dom_096_9a-._.js:9557:28)
[WebServer]     at workLoopConcurrentByScheduler (file://C:/Users/Viet Tien/UniPilot-AI/.next/dev/static/chunks/node_modules_next_dist_compiled_react-dom_096_9a-._.js:9551:58)
[WebServer]     at renderRootConcurrent (file://C:/Users/Viet Tien/UniPilot-AI/.next/dev/static/chunks/node_modules_next_dist_compiled_react-dom_096_9a-._.js:9534:71)
[WebServer]     at performWorkOnRoot (file://C:/Users/Viet Tien/UniPilot-AI/.next/dev/static/chunks/node_modules_next_dist_compiled_react-dom_096_9a-._.js:9061:150)
[WebServer]     at performWorkOnRootViaSchedulerTask (file://C:/Users/Viet Tien/UniPilot-AI/.next/dev/static/chunks/node_modules_next_dist_compiled_react-dom_096_9a-._.js:10255:9)
[WebServer]     at MessagePort.performWorkUntilDeadline (file://C:/Users/Viet Tien/UniPilot-AI/.next/dev/static/chunks/node_modules_next_dist_compiled_1amofcm._.js:2647:64) (file://C:/Users/Viet Tien/UniPilot-AI/.next/dev/static/chunks/node_modules_next_dist_compiled_react-dom_096_9a-._.js:3439:25)
  ok 43 [chromium] › tests\e2e\settings.spec.ts:36:7 › Settings › study preferences: rejects invalid availability, saves valid values (5.1s)
  ok 44 [chromium] › tests\e2e\settings.spec.ts:73:7 › Settings › appearance: theme choice persists across reload (2.0s)
  ok 45 [chromium] › tests\e2e\settings.spec.ts:97:7 › Settings › notifications: category toggle persists across reload (3.3s)
  ok 46 [chromium] › tests\e2e\settings.spec.ts:124:7 › Settings › connections card reflects Google Calendar connection state (1.1s)
  ok 47 [chromium] › tests\e2e\settings.spec.ts:136:7 › Settings › data & privacy: export links present, delete requires matching email (1.6s)

  47 passed (4.3m)
